// Jest Snapshot v1, https://goo.gl/fbAQLP

exports[`<Spinner /> should render the Spinner component properly 1`] = `
<DocumentFragment>
  <svg
    height="36px"
    preserveAspectRatio="xMidYMid"
    style="margin: auto; background: none; display: block; shape-rendering: auto;"
    viewBox="0 0 100 100"
    width="36px"
    xmlns="http://www.w3.org/2000/svg"
    xmlns:xlink="http://www.w3.org/1999/xlink"
  >
    <circle
      cx="50"
      cy="50"
      fill="none"
      r="40"
      stroke="#3182ce"
      stroke-dasharray="188.49555921538757 64.83185307179586"
      stroke-width="10"
    >
      <animatetransform
        attributeName="transform"
        dur="0.7407407407407407s"
        keyTimes="0;1"
        repeatCount="indefinite"
        type="rotate"
        values="0 50 50;360 50 50"
      />
    </circle>
  </svg>
</DocumentFragment>
`;
